node : - Generating browser application bundles (phase: setup)...
Au caractère Ligne:1 : 1
+ node --max-old-space-size=8192 ./node_modules/@angular/cli/bin/ng bui ...
+ ~~~~~~~~~~~~~~~~~~~~~~~~~~~~~~~~~~~~~~~~~~~~~~~~~~~~~~~~~~~~~~~~~~~~~
    + CategoryInfo          : NotSpecified: (- Generating br...hase: setup)...:String) [], RemoteException
    + FullyQualifiedErrorId : NativeCommandError
 
ÔêÜ Browser application bundle generation complete.
ÔêÜ Browser application bundle generation complete.

Error: src/app/features/sites/site-list/site-list.component.ts:54:9 - error TS2740: Type 'Page<Site>' is missing the 
following properties from type 'Site[]': length, pop, push, concat, and 28 more.

54         this.sites = sites;
           ~~~~~~~~~~



